V:\EMULATION\ORIC\OSDK\OSDK_1_5\HERO>dir
 Le volume dans le lecteur V s'appelle V_HD3_DATA3
 Le numéro de série du volume est 7CEB-03F6

 Répertoire de V:\EMULATION\ORIC\OSDK\OSDK_1_5\HERO

25/09/2015  22:51    <REP>          .
25/09/2015  22:51    <REP>          ..
26/09/2015  01:59    <REP>          BUILD
25/09/2015  22:51               575 build.bat
25/09/2015  22:48               319 config.bat
25/09/2015  22:51               544 execute.bat
20/10/2015  03:00            13 407 hero.c
25/09/2015  21:53             4 897 hero_routines.s
08/10/2015  00:49    <REP>          Original maps
22/11/2009  04:11               233 utils.s
               6 fichier(s)           19 975 octets
               4 Rép(s)  60 677 955 584 octets libres

V:\EMULATION\ORIC\OSDK\OSDK_1_5\HERO>git init
Initialized empty Git repository in V:/EMULATION/ORIC/OSDK/OSDK_1_5/HERO/.git/

V:\EMULATION\ORIC\OSDK\OSDK_1_5\HERO>copy con .gitignore
# Exclude BUILD directory and all files within
# since these are binaries built through running OSDK
# (running build.bat or execute.bat)
BUILD/
^Z
        1 fichier(s) copié(s).

V:\EMULATION\ORIC\OSDK\OSDK_1_5\HERO>git status
On branch master

Initial commit

Untracked files:
  (use "git add <file>..." to include in what will be committed)

        .gitignore
        Original maps/
        build.bat
        config.bat
        execute.bat
        hero.c
        hero_routines.s
        utils.s

nothing added to commit but untracked files present (use "git add" to track)

V:\EMULATION\ORIC\OSDK\OSDK_1_5\HERO> notepad git_notes.txt

V:\EMULATION\ORIC\OSDK\OSDK_1_5\HERO>rem ###### First commit

V:\EMULATION\ORIC\OSDK\OSDK_1_5\HERO>git add -A

V:\EMULATION\ORIC\OSDK\OSDK_1_5\HERO>git status
On branch master

Initial commit

Changes to be committed:
  (use "git rm --cached <file>..." to unstage)

        new file:   .gitignore
        new file:   Original maps/Animated bat and spider.png
        new file:   Original maps/Bottom Dashboard.psp
        new file:   Original maps/Bottom Logo Area.psp
        new file:   Original maps/DRAW_HERO.txt
        new file:   Original maps/DRAW_HERO_v2 - Copie.txt
        new file:   Original maps/DRAW_HERO_v2.tap
        new file:   Original maps/DRAW_HERO_v2.txt
        new file:   Original maps/HERO - AIC sprites and tiles.pdn
        new file:   Original maps/HERO - AIC sprites and tiles.png
        new file:   Original maps/HERO - AIC sprites.xls
        new file:   Original maps/HERO - In game with full interface.png
        new file:   Original maps/HERO - Looking RIGHT - MODIFIED FOR ORIC.png
        new file:   Original maps/HERO - Looking RIGHT - ORIGINAL.png
        new file:   Original maps/HERO - sprites - Copie.xls
        new file:   Original maps/HERO - sprites.xls
        new file:   Original maps/HERO End of level X with Roderick standing.png
        new file:   Original maps/HERO Legend - The Cast - Sprites.png
        new file:   Original maps/Level 1 Full Map Title and Dashboard.psp
        new file:   Original maps/Level 1 Full Map with 16x20 grid on 2nd layer.pdn
        new file:   Original maps/Level 1 Full Map.psp
        new file:   Original maps/Level 1 Screen 1 Map.psp
        new file:   Original maps/Level 2 Full Map.png
        new file:   Original maps/Level 8 Full Map.png
        new file:   Original maps/PEEKMEM.txt
        new file:   Original maps/Rodoric.tap
        new file:   Original maps/Rodoric.txt
        new file:   Original maps/Rodoric2.tap
        new file:   Original maps/Rodoric2.txt
        new file:   build.bat
        new file:   config.bat
        new file:   execute.bat
        new file:   git_notes.txt
        new file:   hero.c
        new file:   hero_routines.s
        new file:   utils.s


V:\EMULATION\ORIC\OSDK\OSDK_1_5\HERO> rem ##### First Tag
V:\EMULATION\ORIC\OSDK\OSDK_1_5\HERO> git commit -m "Initial commit"
[master (root-commit) ae41802] Initial commit
 36 files changed, 1254 insertions(+)
 create mode 100644 .gitignore
 create mode 100644 Original maps/Animated bat and spider.png
 create mode 100644 Original maps/Bottom Dashboard.psp
 create mode 100644 Original maps/Bottom Logo Area.psp
 create mode 100644 Original maps/DRAW_HERO.txt
 create mode 100644 Original maps/DRAW_HERO_v2 - Copie.txt
 create mode 100644 Original maps/DRAW_HERO_v2.tap
 create mode 100644 Original maps/DRAW_HERO_v2.txt
 create mode 100644 Original maps/HERO - AIC sprites and tiles.pdn
 create mode 100644 Original maps/HERO - AIC sprites and tiles.png
 create mode 100644 Original maps/HERO - AIC sprites.xls
 create mode 100644 Original maps/HERO - In game with full interface.png
 create mode 100644 Original maps/HERO - Looking RIGHT - MODIFIED FOR ORIC.png
 create mode 100644 Original maps/HERO - Looking RIGHT - ORIGINAL.png
 create mode 100644 Original maps/HERO - sprites - Copie.xls
 create mode 100644 Original maps/HERO - sprites.xls
 create mode 100644 Original maps/HERO End of level X with Roderick standing.png
 create mode 100644 Original maps/HERO Legend - The Cast - Sprites.png
 create mode 100644 Original maps/Level 1 Full Map Title and Dashboard.psp
 create mode 100644 Original maps/Level 1 Full Map with 16x20 grid on 2nd layer.pdn
 create mode 100644 Original maps/Level 1 Full Map.psp
 create mode 100644 Original maps/Level 1 Screen 1 Map.psp
 create mode 100644 Original maps/Level 2 Full Map.png
 create mode 100644 Original maps/Level 8 Full Map.png
 create mode 100644 Original maps/PEEKMEM.txt
 create mode 100644 Original maps/Rodoric.tap
 create mode 100644 Original maps/Rodoric.txt
 create mode 100644 Original maps/Rodoric2.tap
 create mode 100644 Original maps/Rodoric2.txt
 create mode 100644 build.bat
 create mode 100644 config.bat
 create mode 100644 execute.bat
 create mode 100644 git_notes.txt
 create mode 100644 hero.c
 create mode 100644 hero_routines.s
 create mode 100644 utils.s

V:\EMULATION\ORIC\OSDK\OSDK_1_5\HERO> rem ##### First Tag
V:\EMULATION\ORIC\OSDK\OSDK_1_5\HERO> git tag -a v0.0.1 -m "draft v0.0.1"

V:\EMULATION\ORIC\OSDK\OSDK_1_5\HERO>git status
On branch master
Changes not staged for commit:
  (use "git add <file>..." to update what will be committed)
  (use "git checkout -- <file>..." to discard changes in working directory)

        modified:   git_notes.txt

V:\EMULATION\ORIC\OSDK\OSDK_1_5\HERO>git commit -m "Updated git_notes.txt"
[master 4c7f689] Updated git_notes.txt
 1 file changed, 94 insertions(+)

V:\EMULATION\ORIC\OSDK\OSDK_1_5\HERO>git status
On branch master
Changes not staged for commit:
  (use "git add <file>..." to update what will be committed)
  (use "git checkout -- <file>..." to discard changes in working directory)

        modified:   git_notes.txt

no changes added to commit (use "git add" and/or "git commit -a")

V:\EMULATION\ORIC\OSDK\OSDK_1_5\HERO>git commit -a -m "Updated git_notes.txt"
[master dbb5ff1] Updated git_notes.txt
 1 file changed, 12 insertions(+)

